gandhi@Jeyas-MacBook-Pro Mono2Micro-CLI % ./mono2micro analyze --srcdir "/Users/gandhi/GandhiMain/991-Tools/mono2micro/Mono2Micro-Example/daytrader/monolith" -o output_folder

WARNING: image platform (linux/amd64) does not match the expected platform (linux/arm64)
mono2micro-bluejay version: v2.0.0r46
INFO: 'noinstrument' option selected, source code will not be instrumented
INFO: checking for /var/application/monolith/no_logging.txt
INFO: no_logging.txt not found, skipped.
===<  /var/application/monolith/daytrader-ee7-web/src/main/java/com/ibm/websphere/samples/daytrader/web/OrdersAlertFilter.java  >===
===<  /var/application/monolith/daytrader-ee7-web/src/main/java/com/ibm/websphere/samples/daytrader/web/TradeAppServlet.java  >===
===<  /var/application/monolith/daytrader-ee7-web/src/main/java/com/ibm/websphere/samples/daytrader/web/TestServlet.java  >===
===<  /var/application/monolith/daytrader-ee7-web/src/main/java/com/ibm/websphere/samples/daytrader/web/TradeWebContextListener.java  >===
===<  /var/application/monolith/daytrader-ee7-web/src/main/java/com/ibm/websphere/samples/daytrader/web/TradeServletAction.java  >===
===<  /var/application/monolith/daytrader-ee7-web/src/main/java/com/ibm/websphere/samples/daytrader/web/TradeConfigServlet.java  >===
===<  /var/application/monolith/daytrader-ee7-web/src/main/java/com/ibm/websphere/samples/daytrader/web/TradeScenarioServlet.java  >===
===<  /var/application/monolith/daytrader-ee7-web/src/main/java/com/ibm/websphere/samples/daytrader/web/TradeBuildDB.java  >===
===<  /var/application/monolith/daytrader-ee7-web/src/main/java/com/ibm/websphere/samples/daytrader/web/websocket/ActionDecoder.java  >===
===<  /var/application/monolith/daytrader-ee7-web/src/main/java/com/ibm/websphere/samples/daytrader/web/websocket/JsonMessage.java  >===
===<  /var/application/monolith/daytrader-ee7-web/src/main/java/com/ibm/websphere/samples/daytrader/web/websocket/ActionMessage.java  >===
===<  /var/application/monolith/daytrader-ee7-web/src/main/java/com/ibm/websphere/samples/daytrader/web/websocket/MarketSummaryWebSocket.java  >===
===<  /var/application/monolith/daytrader-ee7-web/src/main/java/com/ibm/websphere/samples/daytrader/web/websocket/JsonDecoder.java  >===
===<  /var/application/monolith/daytrader-ee7-web/src/main/java/com/ibm/websphere/samples/daytrader/web/websocket/RecentStockChangeList.java  >===
===<  /var/application/monolith/daytrader-ee7-web/src/main/java/com/ibm/websphere/samples/daytrader/web/websocket/JsonEncoder.java  >===
===<  /var/application/monolith/daytrader-ee7-web/src/main/java/com/ibm/websphere/samples/daytrader/web/prims/PingServlet2Jsp.java  >===
===<  /var/application/monolith/daytrader-ee7-web/src/main/java/com/ibm/websphere/samples/daytrader/web/prims/PingServletSetContentLength.java  >===
===<  /var/application/monolith/daytrader-ee7-web/src/main/java/com/ibm/websphere/samples/daytrader/web/prims/PingReentryServlet.java  >===
===<  /var/application/monolith/daytrader-ee7-web/src/main/java/com/ibm/websphere/samples/daytrader/web/prims/PingServlet2JNDI.java  >===
===<  /var/application/monolith/daytrader-ee7-web/src/main/java/com/ibm/websphere/samples/daytrader/web/prims/PingSession1.java  >===
===<  /var/application/monolith/daytrader-ee7-web/src/main/java/com/ibm/websphere/samples/daytrader/web/prims/PingInterceptorBinding.java  >===
===<  /var/application/monolith/daytrader-ee7-web/src/main/java/com/ibm/websphere/samples/daytrader/web/prims/PingWebSocketBinary.java  >===
===<  /var/application/monolith/daytrader-ee7-web/src/main/java/com/ibm/websphere/samples/daytrader/web/prims/PingJDBCRead.java  >===
===<  /var/application/monolith/daytrader-ee7-web/src/main/java/com/ibm/websphere/samples/daytrader/web/prims/PingJSONP.java  >===
===<  /var/application/monolith/daytrader-ee7-web/src/main/java/com/ibm/websphere/samples/daytrader/web/prims/PingWebSocketJson.java  >===
===<  /var/application/monolith/daytrader-ee7-web/src/main/java/com/ibm/websphere/samples/daytrader/web/prims/PingManagedExecutor.java  >===
===<  /var/application/monolith/daytrader-ee7-web/src/main/java/com/ibm/websphere/samples/daytrader/web/prims/PingServlet2PDF.java  >===
===<  /var/application/monolith/daytrader-ee7-web/src/main/java/com/ibm/websphere/samples/daytrader/web/prims/PingManagedThread.java  >===
===<  /var/application/monolith/daytrader-ee7-web/src/main/java/com/ibm/websphere/samples/daytrader/web/prims/PingServletCDIBeanManagerViaJNDI.java  >===
===<  /var/application/monolith/daytrader-ee7-web/src/main/java/com/ibm/websphere/samples/daytrader/web/prims/PingServletCDIBeanManagerViaCDICurrent.java  >===
===<  /var/application/monolith/daytrader-ee7-web/src/main/java/com/ibm/websphere/samples/daytrader/web/prims/PingEJBLocalDecorator.java  >===
===<  /var/application/monolith/daytrader-ee7-web/src/main/java/com/ibm/websphere/samples/daytrader/web/prims/PingServlet2DB.java  >===
===<  /var/application/monolith/daytrader-ee7-web/src/main/java/com/ibm/websphere/samples/daytrader/web/prims/PingWebSocketTextSync.java  >===
===<  /var/application/monolith/daytrader-ee7-web/src/main/java/com/ibm/websphere/samples/daytrader/web/prims/ExplicitGC.java  >===
===<  /var/application/monolith/daytrader-ee7-web/src/main/java/com/ibm/websphere/samples/daytrader/web/prims/PingCDIJSFBean.java  >===
===<  /var/application/monolith/daytrader-ee7-web/src/main/java/com/ibm/websphere/samples/daytrader/web/prims/PingServlet2Include.java  >===
===<  /var/application/monolith/daytrader-ee7-web/src/main/java/com/ibm/websphere/samples/daytrader/web/prims/PingServletWriter.java  >===
===<  /var/application/monolith/daytrader-ee7-web/src/main/java/com/ibm/websphere/samples/daytrader/web/prims/PingServletLargeContentLength.java  >===
===<  /var/application/monolith/daytrader-ee7-web/src/main/java/com/ibm/websphere/samples/daytrader/web/prims/PingServlet31AsyncRead.java  >===
===<  /var/application/monolith/daytrader-ee7-web/src/main/java/com/ibm/websphere/samples/daytrader/web/prims/PingEJBLocal.java  >===
===<  /var/application/monolith/daytrader-ee7-web/src/main/java/com/ibm/websphere/samples/daytrader/web/prims/PingServlet31Async.java  >===
===<  /var/application/monolith/daytrader-ee7-web/src/main/java/com/ibm/websphere/samples/daytrader/web/prims/PingServlet2ServletRcv.java  >===
===<  /var/application/monolith/daytrader-ee7-web/src/main/java/com/ibm/websphere/samples/daytrader/web/prims/PingServlet2IncludeRcv.java  >===
===<  /var/application/monolith/daytrader-ee7-web/src/main/java/com/ibm/websphere/samples/daytrader/web/prims/PingServletCDI.java  >===
===<  /var/application/monolith/daytrader-ee7-web/src/main/java/com/ibm/websphere/samples/daytrader/web/prims/PingJDBCRead2JSP.java  >===
===<  /var/application/monolith/daytrader-ee7-web/src/main/java/com/ibm/websphere/samples/daytrader/web/prims/PingServlet.java  >===
===<  /var/application/monolith/daytrader-ee7-web/src/main/java/com/ibm/websphere/samples/daytrader/web/prims/PingServlet2Servlet.java  >===
===<  /var/application/monolith/daytrader-ee7-web/src/main/java/com/ibm/websphere/samples/daytrader/web/prims/PingServlet30Async.java  >===
===<  /var/application/monolith/daytrader-ee7-web/src/main/java/com/ibm/websphere/samples/daytrader/web/prims/PingEJBIFace.java  >===
===<  /var/application/monolith/daytrader-ee7-web/src/main/java/com/ibm/websphere/samples/daytrader/web/prims/PingBean.java  >===
===<  /var/application/monolith/daytrader-ee7-web/src/main/java/com/ibm/websphere/samples/daytrader/web/prims/PingSession3.java  >===
===<  /var/application/monolith/daytrader-ee7-web/src/main/java/com/ibm/websphere/samples/daytrader/web/prims/PingJDBCWrite.java  >===
===<  /var/application/monolith/daytrader-ee7-web/src/main/java/com/ibm/websphere/samples/daytrader/web/prims/PingInterceptor.java  >===
===<  /var/application/monolith/daytrader-ee7-web/src/main/java/com/ibm/websphere/samples/daytrader/web/prims/PingSession3Object.java  >===
===<  /var/application/monolith/daytrader-ee7-web/src/main/java/com/ibm/websphere/samples/daytrader/web/prims/PingUpgradeServlet.java  >===
===<  /var/application/monolith/daytrader-ee7-web/src/main/java/com/ibm/websphere/samples/daytrader/web/prims/PingWebSocketTextAsync.java  >===
===<  /var/application/monolith/daytrader-ee7-web/src/main/java/com/ibm/websphere/samples/daytrader/web/prims/PingSession2.java  >===
===<  /var/application/monolith/daytrader-ee7-web/src/main/java/com/ibm/websphere/samples/daytrader/web/prims/PingCDIBean.java  >===
===<  /var/application/monolith/daytrader-ee7-web/src/main/java/com/ibm/websphere/samples/daytrader/web/prims/ejb3/PingServlet2Session2CMROne2Many.java ####< Resolving FQCN for Classes >####
####< Running JParser >####
####< JParser Table Modifications >####
####< Modify Logging Texts >####
####< Write Tables to Files >####
Output >>>> /var/output/output_folder
 >===
===<  /var/application/monolith/daytrader-ee7-web/src/main/java/com/ibm/websphere/samples/daytrader/web/prims/ejb3/PingServlet2SessionRemote.java  >===
===<  /var/application/monolith/daytrader-ee7-web/src/main/java/com/ibm/websphere/samples/daytrader/web/prims/ejb3/PingServlet2Session2Entity.java  >===
===<  /var/application/monolith/daytrader-ee7-web/src/main/java/com/ibm/websphere/samples/daytrader/web/prims/ejb3/PingServlet2MDBTopic.java  >===
===<  /var/application/monolith/daytrader-ee7-web/src/main/java/com/ibm/websphere/samples/daytrader/web/prims/ejb3/PingServlet2Entity.java  >===
===<  /var/application/monolith/daytrader-ee7-web/src/main/java/com/ibm/websphere/samples/daytrader/web/prims/ejb3/PingServlet2SessionLocal.java  >===
===<  /var/application/monolith/daytrader-ee7-web/src/main/java/com/ibm/websphere/samples/daytrader/web/prims/ejb3/PingServlet2Session2CMROne2One.java  >===
===<  /var/application/monolith/daytrader-ee7-web/src/main/java/com/ibm/websphere/samples/daytrader/web/prims/ejb3/PingServlet2TwoPhase.java  >===
===<  /var/application/monolith/daytrader-ee7-web/src/main/java/com/ibm/websphere/samples/daytrader/web/prims/ejb3/PingServlet2Session2EntityCollection.java  >===
===<  /var/application/monolith/daytrader-ee7-web/src/main/java/com/ibm/websphere/samples/daytrader/web/prims/ejb3/PingServlet2Session2Entity2JSP.java  >===
===<  /var/application/monolith/daytrader-ee7-web/src/main/java/com/ibm/websphere/samples/daytrader/web/prims/ejb3/PingServlet2MDBQueue.java  >===
===<  /var/application/monolith/daytrader-ee7-web/src/main/java/com/ibm/websphere/samples/daytrader/web/jsf/HoldingData.java  >===
===<  /var/application/monolith/daytrader-ee7-web/src/main/java/com/ibm/websphere/samples/daytrader/web/jsf/QuoteJSF.java  >===
===<  /var/application/monolith/daytrader-ee7-web/src/main/java/com/ibm/websphere/samples/daytrader/web/jsf/TradeAppJSF.java  >===
===<  /var/application/monolith/daytrader-ee7-web/src/main/java/com/ibm/websphere/samples/daytrader/web/jsf/LoginValidator.java  >===
===<  /var/application/monolith/daytrader-ee7-web/src/main/java/com/ibm/websphere/samples/daytrader/web/jsf/OrderDataJSF.java  >===
===<  /var/application/monolith/daytrader-ee7-web/src/main/java/com/ibm/websphere/samples/daytrader/web/jsf/JSFLoginFilter.java  >===
===<  /var/application/monolith/daytrader-ee7-web/src/main/java/com/ibm/websphere/samples/daytrader/web/jsf/TradeActionProducer.java  >===
===<  /var/application/monolith/daytrader-ee7-web/src/main/java/com/ibm/websphere/samples/daytrader/web/jsf/ExternalContextProducer.java  >===
===<  /var/application/monolith/daytrader-ee7-web/src/main/java/com/ibm/websphere/samples/daytrader/web/jsf/OrderData.java  >===
===<  /var/application/monolith/daytrader-ee7-web/src/main/java/com/ibm/websphere/samples/daytrader/web/jsf/QuoteData.java  >===
===<  /var/application/monolith/daytrader-ee7-web/src/main/java/com/ibm/websphere/samples/daytrader/web/jsf/TradeConfigJSF.java  >===
===<  /var/application/monolith/daytrader-ee7-web/src/main/java/com/ibm/websphere/samples/daytrader/web/jsf/AccountDataJSF.java  >===
===<  /var/application/monolith/daytrader-ee7-web/src/main/java/com/ibm/websphere/samples/daytrader/web/jsf/PortfolioJSF.java  >===
===<  /var/application/monolith/daytrader-ee7-web/src/main/java/com/ibm/websphere/samples/daytrader/web/jsf/MarketSummaryJSF.java  >===
===<  /var/application/monolith/daytrader-ee7-ejb/src/main/java/com/ibm/websphere/samples/daytrader/TradeServices.java  >===
===<  /var/application/monolith/daytrader-ee7-ejb/src/main/java/com/ibm/websphere/samples/daytrader/TradeAction.java  >===
===<  /var/application/monolith/daytrader-ee7-ejb/src/main/java/com/ibm/websphere/samples/daytrader/direct/KeySequenceDirect.java  >===
===<  /var/application/monolith/daytrader-ee7-ejb/src/main/java/com/ibm/websphere/samples/daytrader/direct/TradeDirect.java  >===
===<  /var/application/monolith/daytrader-ee7-ejb/src/main/java/com/ibm/websphere/samples/daytrader/util/WebSocketJMSMessage.java  >===
===<  /var/application/monolith/daytrader-ee7-ejb/src/main/java/com/ibm/websphere/samples/daytrader/util/MDBStats.java  >===
===<  /var/application/monolith/daytrader-ee7-ejb/src/main/java/com/ibm/websphere/samples/daytrader/util/FinancialUtils.java  >===
===<  /var/application/monolith/daytrader-ee7-ejb/src/main/java/com/ibm/websphere/samples/daytrader/util/TimerStat.java  >===
===<  /var/application/monolith/daytrader-ee7-ejb/src/main/java/com/ibm/websphere/samples/daytrader/util/CompleteOrderThread.java  >===
===<  /var/application/monolith/daytrader-ee7-ejb/src/main/java/com/ibm/websphere/samples/daytrader/util/Log.java  >===
===<  /var/application/monolith/daytrader-ee7-ejb/src/main/java/com/ibm/websphere/samples/daytrader/util/TradeConfig.java  >===
===<  /var/application/monolith/daytrader-ee7-ejb/src/main/java/com/ibm/websphere/samples/daytrader/util/KeyBlock.java  >===
===<  /var/application/monolith/daytrader-ee7-ejb/src/main/java/com/ibm/websphere/samples/daytrader/beans/RunStatsDataBean.java  >===
===<  /var/application/monolith/daytrader-ee7-ejb/src/main/java/com/ibm/websphere/samples/daytrader/beans/MarketSummaryDataBean.java  >===
===<  /var/application/monolith/daytrader-ee7-ejb/src/main/java/com/ibm/websphere/samples/daytrader/entities/QuoteDataBean.java  >===
===<  /var/application/monolith/daytrader-ee7-ejb/src/main/java/com/ibm/websphere/samples/daytrader/entities/AccountProfileDataBean.java  >===
===<  /var/application/monolith/daytrader-ee7-ejb/src/main/java/com/ibm/websphere/samples/daytrader/entities/OrderDataBean.java  >===
===<  /var/application/monolith/daytrader-ee7-ejb/src/main/java/com/ibm/websphere/samples/daytrader/entities/AccountDataBean.java  >===
===<  /var/application/monolith/daytrader-ee7-ejb/src/main/java/com/ibm/websphere/samples/daytrader/entities/HoldingDataBean.java  >===
===<  /var/application/monolith/daytrader-ee7-ejb/src/main/java/com/ibm/websphere/samples/daytrader/ejb3/DTBroker3MDB.java  >===
===<  /var/application/monolith/daytrader-ee7-ejb/src/main/java/com/ibm/websphere/samples/daytrader/ejb3/TradeSLSBRemote.java  >===
===<  /var/application/monolith/daytrader-ee7-ejb/src/main/java/com/ibm/websphere/samples/daytrader/ejb3/DTStreamer3MDB.java  >===
===<  /var/application/monolith/daytrader-ee7-ejb/src/main/java/com/ibm/websphere/samples/daytrader/ejb3/MarketSummarySingleton.java  >===
===<  /var/application/monolith/daytrader-ee7-ejb/src/main/java/com/ibm/websphere/samples/daytrader/ejb3/TradeSLSBLocal.java  >===
===<  /var/application/monolith/daytrader-ee7-ejb/src/main/java/com/ibm/websphere/samples/daytrader/ejb3/TradeSLSBBean.java  >===
******************************
COMPLETED
******************************

Next steps: To get quick partition recommendations based just on static analysis, run "mono2micro recommend" command with the "--no-usecases" option (Use "--help" for details). To get recommendations based on running use cases, collect more data by running your instrumented application with the "mono2micro usecase" command. Read the Mono2Micro documentation for more details: https://www.ibm.com/docs/SS7H9Y/doc/m2m_dct_bininst.html